// Jest Snapshot v1, https://goo.gl/fbAQLP

exports[`Card component tests renders correctly 1`] = `undefined`;
