// Jest Snapshot v1, https://goo.gl/fbAQLP

exports[`InputText test should check is render is properly output 1`] = `
<div
  className="form-group"
>
  <label>
    label
  </label>
  <input
    className="form-control"
    name="name"
    onChange={[Function]}
    required={true}
    type="text"
    value="value"
  />
  )
</div>
`;
